// Vitest Snapshot v1, https://vitest.dev/guide/snapshot.html

exports[`GND 공식 프로그램 카탈로그 > 다섯 프로그램의 회차별 종목 이름이 승인 표와 같다 1`] = `
[
  [
    [
      "바벨 백스쿼트",
      "벤치프레스",
      "시티드 로우",
      "숄더프레스",
      "사이드 레터럴 레이즈",
    ],
    [
      "루마니안 데드리프트",
      "랫풀다운",
      "인클라인 벤치프레스",
      "페이스풀",
      "덤벨 컬",
    ],
    [
      "레그프레스",
      "덤벨 벤치프레스",
      "바벨 로우",
      "덤벨 레터럴 레이즈",
      "페이스풀",
      "케이블 푸시다운",
    ],
  ],
  [
    [
      "바벨 백스쿼트",
      "벤치프레스",
      "시티드 로우",
      "인클라인 벤치프레스",
      "사이드 레터럴 레이즈",
    ],
    [
      "루마니안 데드리프트",
      "랫풀다운",
      "덤벨 벤치프레스",
      "덤벨 플라이",
      "케이블 푸시다운",
    ],
    [
      "레그프레스",
      "체스트프레스 머신",
      "바벨 로우",
      "푸시업",
      "페이스풀",
    ],
  ],
  [
    [
      "레그프레스",
      "벤치프레스",
      "시티드 로우",
      "덤벨 컬",
      "케이블 푸시다운",
    ],
    [
      "루마니안 데드리프트",
      "숄더프레스",
      "랫풀다운",
      "덤벨 해머 컬",
      "벤치 딥스",
    ],
    [
      "맨몸 스쿼트",
      "덤벨 벤치프레스",
      "덤벨 로우",
      "덤벨 컬",
      "케이블 푸시다운",
      "사이드 레터럴 레이즈",
    ],
  ],
  [
    [
      "바벨 백스쿼트",
      "벤치프레스",
      "시티드 로우",
      "레그 익스텐션",
      "레그 컬",
    ],
    [
      "루마니안 데드리프트",
      "숄더프레스",
      "랫풀다운",
      "런지",
      "힙 브릿지",
    ],
    [
      "레그프레스",
      "덤벨 벤치프레스",
      "덤벨 로우",
      "레그 익스텐션",
      "레그 컬",
    ],
  ],
  [
    [
      "레그프레스",
      "체스트프레스 머신",
      "랫풀다운",
      "크런치",
      "시티드 로우",
    ],
    [
      "루마니안 데드리프트",
      "숄더프레스",
      "시티드 로우",
      "런지",
      "푸시업",
    ],
    [
      "맨몸 스쿼트",
      "덤벨 벤치프레스",
      "덤벨 로우",
      "덤벨 컬",
      "케이블 푸시다운",
    ],
  ],
]
`;
