// Vitest Snapshot v1, https://vitest.dev/guide/snapshot.html

exports[`GND 공식 프로그램 카탈로그 > 다섯 프로그램의 회차별 전체 처방이 승인 표와 같다 1`] = `
[
  {
    "key": "shoulder-frame-6w",
    "sessions": [
      {
        "exercises": [
          {
            "beginnerSets": 3,
            "exerciseName": "바벨 백스쿼트",
            "experiencedSets": 3,
            "loadStepKg": 5,
            "repsMax": 10,
            "repsMin": 6,
            "restSeconds": 150,
            "targetRir": 2,
          },
          {
            "beginnerSets": 3,
            "exerciseName": "벤치프레스",
            "experiencedSets": 3,
            "loadStepKg": 5,
            "repsMax": 10,
            "repsMin": 6,
            "restSeconds": 150,
            "targetRir": 2,
          },
          {
            "beginnerSets": 3,
            "exerciseName": "시티드 로우",
            "experiencedSets": 3,
            "loadStepKg": 5,
            "repsMax": 12,
            "repsMin": 8,
            "restSeconds": 120,
            "targetRir": 2,
          },
          {
            "beginnerSets": 2,
            "exerciseName": "숄더프레스",
            "experiencedSets": 3,
            "loadStepKg": 5,
            "repsMax": 12,
            "repsMin": 8,
            "restSeconds": 120,
            "targetRir": 2,
          },
          {
            "beginnerSets": 2,
            "exerciseName": "사이드 레터럴 레이즈",
            "experiencedSets": 3,
            "loadStepKg": 2.5,
            "repsMax": 20,
            "repsMin": 12,
            "restSeconds": 75,
            "targetRir": 2,
          },
        ],
        "key": "A",
        "title": "밀고 세우기",
      },
      {
        "exercises": [
          {
            "beginnerSets": 3,
            "exerciseName": "루마니안 데드리프트",
            "experiencedSets": 3,
            "loadStepKg": 5,
            "repsMax": 10,
            "repsMin": 6,
            "restSeconds": 150,
            "targetRir": 2,
          },
          {
            "beginnerSets": 3,
            "exerciseName": "랫풀다운",
            "experiencedSets": 3,
            "loadStepKg": 5,
            "repsMax": 12,
            "repsMin": 8,
            "restSeconds": 120,
            "targetRir": 2,
          },
          {
            "beginnerSets": 3,
            "exerciseName": "인클라인 벤치프레스",
            "experiencedSets": 3,
            "loadStepKg": 5,
            "repsMax": 12,
            "repsMin": 8,
            "restSeconds": 120,
            "targetRir": 2,
          },
          {
            "beginnerSets": 2,
            "exerciseName": "페이스풀",
            "experiencedSets": 3,
            "loadStepKg": 2.5,
            "repsMax": 20,
            "repsMin": 12,
            "restSeconds": 75,
            "targetRir": 2,
          },
          {
            "beginnerSets": 2,
            "exerciseName": "덤벨 컬",
            "experiencedSets": 2,
            "loadStepKg": 2.5,
            "repsMax": 15,
            "repsMin": 10,
            "restSeconds": 75,
            "targetRir": 2,
          },
        ],
        "key": "B",
        "title": "등판과 뒤쪽 어깨",
      },
      {
        "exercises": [
          {
            "beginnerSets": 3,
            "exerciseName": "레그프레스",
            "experiencedSets": 3,
            "loadStepKg": 5,
            "repsMax": 12,
            "repsMin": 8,
            "restSeconds": 150,
            "targetRir": 2,
          },
          {
            "beginnerSets": 3,
            "exerciseName": "덤벨 벤치프레스",
            "experiencedSets": 3,
            "loadStepKg": 2.5,
            "repsMax": 12,
            "repsMin": 8,
            "restSeconds": 120,
            "targetRir": 2,
          },
          {
            "beginnerSets": 3,
            "exerciseName": "바벨 로우",
            "experiencedSets": 3,
            "loadStepKg": 5,
            "repsMax": 12,
            "repsMin": 8,
            "restSeconds": 120,
            "targetRir": 2,
          },
          {
            "beginnerSets": 3,
            "exerciseName": "덤벨 레터럴 레이즈",
            "experiencedSets": 4,
            "loadStepKg": 2.5,
            "repsMax": 20,
            "repsMin": 12,
            "restSeconds": 75,
            "targetRir": 2,
          },
          {
            "beginnerSets": 2,
            "exerciseName": "페이스풀",
            "experiencedSets": 2,
            "loadStepKg": 2.5,
            "repsMax": 20,
            "repsMin": 12,
            "restSeconds": 75,
            "targetRir": 2,
          },
          {
            "beginnerSets": 2,
            "exerciseName": "케이블 푸시다운",
            "experiencedSets": 2,
            "loadStepKg": 2.5,
            "repsMax": 15,
            "repsMin": 10,
            "restSeconds": 75,
            "targetRir": 2,
          },
        ],
        "key": "C",
        "title": "옆선과 전신 균형",
      },
    ],
  },
  {
    "key": "chest-frame-6w",
    "sessions": [
      {
        "exercises": [
          {
            "beginnerSets": 3,
            "exerciseName": "바벨 백스쿼트",
            "experiencedSets": 3,
            "loadStepKg": 5,
            "repsMax": 10,
            "repsMin": 6,
            "restSeconds": 150,
            "targetRir": 2,
          },
          {
            "beginnerSets": 3,
            "exerciseName": "벤치프레스",
            "experiencedSets": 3,
            "loadStepKg": 5,
            "repsMax": 10,
            "repsMin": 6,
            "restSeconds": 150,
            "targetRir": 2,
          },
          {
            "beginnerSets": 3,
            "exerciseName": "시티드 로우",
            "experiencedSets": 3,
            "loadStepKg": 5,
            "repsMax": 12,
            "repsMin": 8,
            "restSeconds": 120,
            "targetRir": 2,
          },
          {
            "beginnerSets": 2,
            "exerciseName": "인클라인 벤치프레스",
            "experiencedSets": 3,
            "loadStepKg": 5,
            "repsMax": 12,
            "repsMin": 8,
            "restSeconds": 120,
            "targetRir": 2,
          },
          {
            "beginnerSets": 2,
            "exerciseName": "사이드 레터럴 레이즈",
            "experiencedSets": 2,
            "loadStepKg": 2.5,
            "repsMax": 20,
            "repsMin": 12,
            "restSeconds": 75,
            "targetRir": 2,
          },
        ],
        "key": "A",
        "title": "기본 압박",
      },
      {
        "exercises": [
          {
            "beginnerSets": 3,
            "exerciseName": "루마니안 데드리프트",
            "experiencedSets": 3,
            "loadStepKg": 5,
            "repsMax": 10,
            "repsMin": 6,
            "restSeconds": 150,
            "targetRir": 2,
          },
          {
            "beginnerSets": 3,
            "exerciseName": "랫풀다운",
            "experiencedSets": 3,
            "loadStepKg": 5,
            "repsMax": 12,
            "repsMin": 8,
            "restSeconds": 120,
            "targetRir": 2,
          },
          {
            "beginnerSets": 3,
            "exerciseName": "덤벨 벤치프레스",
            "experiencedSets": 3,
            "loadStepKg": 2.5,
            "repsMax": 12,
            "repsMin": 8,
            "restSeconds": 120,
            "targetRir": 2,
          },
          {
            "beginnerSets": 2,
            "exerciseName": "덤벨 플라이",
            "experiencedSets": 3,
            "loadStepKg": 2.5,
            "repsMax": 15,
            "repsMin": 10,
            "restSeconds": 90,
            "targetRir": 2,
          },
          {
            "beginnerSets": 2,
            "exerciseName": "케이블 푸시다운",
            "experiencedSets": 2,
            "loadStepKg": 2.5,
            "repsMax": 15,
            "repsMin": 10,
            "restSeconds": 75,
            "targetRir": 2,
          },
        ],
        "key": "B",
        "title": "윗가슴과 볼륨",
      },
      {
        "exercises": [
          {
            "beginnerSets": 3,
            "exerciseName": "레그프레스",
            "experiencedSets": 3,
            "loadStepKg": 5,
            "repsMax": 12,
            "repsMin": 8,
            "restSeconds": 150,
            "targetRir": 2,
          },
          {
            "beginnerSets": 2,
            "exerciseName": "체스트프레스 머신",
            "experiencedSets": 2,
            "loadStepKg": 5,
            "repsMax": 12,
            "repsMin": 8,
            "restSeconds": 120,
            "targetRir": 2,
          },
          {
            "beginnerSets": 3,
            "exerciseName": "바벨 로우",
            "experiencedSets": 3,
            "loadStepKg": 5,
            "repsMax": 12,
            "repsMin": 8,
            "restSeconds": 120,
            "targetRir": 2,
          },
          {
            "beginnerSets": 2,
            "exerciseName": "푸시업",
            "experiencedSets": 2,
            "loadStepKg": 1,
            "repsMax": 15,
            "repsMin": 8,
            "restSeconds": 90,
            "targetRir": 2,
          },
          {
            "beginnerSets": 2,
            "exerciseName": "페이스풀",
            "experiencedSets": 2,
            "loadStepKg": 2.5,
            "repsMax": 20,
            "repsMin": 12,
            "restSeconds": 75,
            "targetRir": 2,
          },
        ],
        "key": "C",
        "title": "안정된 마무리",
      },
    ],
  },
  {
    "key": "arm-outline-6w",
    "sessions": [
      {
        "exercises": [
          {
            "beginnerSets": 3,
            "exerciseName": "레그프레스",
            "experiencedSets": 3,
            "loadStepKg": 5,
            "repsMax": 12,
            "repsMin": 8,
            "restSeconds": 150,
            "targetRir": 2,
          },
          {
            "beginnerSets": 3,
            "exerciseName": "벤치프레스",
            "experiencedSets": 3,
            "loadStepKg": 5,
            "repsMax": 10,
            "repsMin": 6,
            "restSeconds": 150,
            "targetRir": 2,
          },
          {
            "beginnerSets": 3,
            "exerciseName": "시티드 로우",
            "experiencedSets": 3,
            "loadStepKg": 5,
            "repsMax": 12,
            "repsMin": 8,
            "restSeconds": 120,
            "targetRir": 2,
          },
          {
            "beginnerSets": 3,
            "exerciseName": "덤벨 컬",
            "experiencedSets": 3,
            "loadStepKg": 2.5,
            "repsMax": 15,
            "repsMin": 10,
            "restSeconds": 75,
            "targetRir": 2,
          },
          {
            "beginnerSets": 3,
            "exerciseName": "케이블 푸시다운",
            "experiencedSets": 3,
            "loadStepKg": 2.5,
            "repsMax": 15,
            "repsMin": 10,
            "restSeconds": 75,
            "targetRir": 2,
          },
        ],
        "key": "A",
        "title": "앞뒤 기본",
      },
      {
        "exercises": [
          {
            "beginnerSets": 3,
            "exerciseName": "루마니안 데드리프트",
            "experiencedSets": 3,
            "loadStepKg": 5,
            "repsMax": 10,
            "repsMin": 6,
            "restSeconds": 150,
            "targetRir": 2,
          },
          {
            "beginnerSets": 3,
            "exerciseName": "숄더프레스",
            "experiencedSets": 3,
            "loadStepKg": 5,
            "repsMax": 12,
            "repsMin": 8,
            "restSeconds": 120,
            "targetRir": 2,
          },
          {
            "beginnerSets": 3,
            "exerciseName": "랫풀다운",
            "experiencedSets": 3,
            "loadStepKg": 5,
            "repsMax": 12,
            "repsMin": 8,
            "restSeconds": 120,
            "targetRir": 2,
          },
          {
            "beginnerSets": 3,
            "exerciseName": "덤벨 해머 컬",
            "experiencedSets": 3,
            "loadStepKg": 2.5,
            "repsMax": 15,
            "repsMin": 10,
            "restSeconds": 75,
            "targetRir": 2,
          },
          {
            "beginnerSets": 3,
            "exerciseName": "벤치 딥스",
            "experiencedSets": 3,
            "loadStepKg": 1,
            "repsMax": 15,
            "repsMin": 8,
            "restSeconds": 90,
            "targetRir": 2,
          },
        ],
        "key": "B",
        "title": "팔뚝과 삼두",
      },
      {
        "exercises": [
          {
            "beginnerSets": 3,
            "exerciseName": "맨몸 스쿼트",
            "experiencedSets": 3,
            "loadStepKg": 1,
            "repsMax": 20,
            "repsMin": 12,
            "restSeconds": 90,
            "targetRir": 2,
          },
          {
            "beginnerSets": 3,
            "exerciseName": "덤벨 벤치프레스",
            "experiencedSets": 3,
            "loadStepKg": 2.5,
            "repsMax": 12,
            "repsMin": 8,
            "restSeconds": 120,
            "targetRir": 2,
          },
          {
            "beginnerSets": 3,
            "exerciseName": "덤벨 로우",
            "experiencedSets": 3,
            "loadStepKg": 2.5,
            "repsMax": 12,
            "repsMin": 8,
            "restSeconds": 120,
            "targetRir": 2,
          },
          {
            "beginnerSets": 2,
            "exerciseName": "덤벨 컬",
            "experiencedSets": 2,
            "loadStepKg": 2.5,
            "repsMax": 15,
            "repsMin": 10,
            "restSeconds": 75,
            "targetRir": 2,
          },
          {
            "beginnerSets": 2,
            "exerciseName": "케이블 푸시다운",
            "experiencedSets": 2,
            "loadStepKg": 2.5,
            "repsMax": 15,
            "repsMin": 10,
            "restSeconds": 75,
            "targetRir": 2,
          },
          {
            "beginnerSets": 2,
            "exerciseName": "사이드 레터럴 레이즈",
            "experiencedSets": 2,
            "loadStepKg": 2.5,
            "repsMax": 20,
            "repsMin": 12,
            "restSeconds": 75,
            "targetRir": 2,
          },
        ],
        "key": "C",
        "title": "윤곽 마무리",
      },
    ],
  },
  {
    "key": "lower-balance-6w",
    "sessions": [
      {
        "exercises": [
          {
            "beginnerSets": 3,
            "exerciseName": "바벨 백스쿼트",
            "experiencedSets": 3,
            "loadStepKg": 5,
            "repsMax": 10,
            "repsMin": 6,
            "restSeconds": 150,
            "targetRir": 2,
          },
          {
            "beginnerSets": 3,
            "exerciseName": "벤치프레스",
            "experiencedSets": 3,
            "loadStepKg": 5,
            "repsMax": 10,
            "repsMin": 6,
            "restSeconds": 150,
            "targetRir": 2,
          },
          {
            "beginnerSets": 3,
            "exerciseName": "시티드 로우",
            "experiencedSets": 3,
            "loadStepKg": 5,
            "repsMax": 12,
            "repsMin": 8,
            "restSeconds": 120,
            "targetRir": 2,
          },
          {
            "beginnerSets": 2,
            "exerciseName": "레그 익스텐션",
            "experiencedSets": 3,
            "loadStepKg": 2.5,
            "repsMax": 15,
            "repsMin": 10,
            "restSeconds": 90,
            "targetRir": 2,
          },
          {
            "beginnerSets": 2,
            "exerciseName": "레그 컬",
            "experiencedSets": 3,
            "loadStepKg": 2.5,
            "repsMax": 15,
            "repsMin": 10,
            "restSeconds": 90,
            "targetRir": 2,
          },
        ],
        "key": "A",
        "title": "스쿼트와 앞뒤 균형",
      },
      {
        "exercises": [
          {
            "beginnerSets": 3,
            "exerciseName": "루마니안 데드리프트",
            "experiencedSets": 3,
            "loadStepKg": 5,
            "repsMax": 10,
            "repsMin": 6,
            "restSeconds": 150,
            "targetRir": 2,
          },
          {
            "beginnerSets": 3,
            "exerciseName": "숄더프레스",
            "experiencedSets": 3,
            "loadStepKg": 5,
            "repsMax": 12,
            "repsMin": 8,
            "restSeconds": 120,
            "targetRir": 2,
          },
          {
            "beginnerSets": 3,
            "exerciseName": "랫풀다운",
            "experiencedSets": 3,
            "loadStepKg": 5,
            "repsMax": 12,
            "repsMin": 8,
            "restSeconds": 120,
            "targetRir": 2,
          },
          {
            "beginnerSets": 3,
            "exerciseName": "런지",
            "experiencedSets": 3,
            "loadStepKg": 1,
            "repsMax": 12,
            "repsMin": 8,
            "restSeconds": 120,
            "targetRir": 2,
          },
          {
            "beginnerSets": 3,
            "exerciseName": "힙 브릿지",
            "experiencedSets": 3,
            "loadStepKg": 1,
            "repsMax": 15,
            "repsMin": 10,
            "restSeconds": 90,
            "targetRir": 2,
          },
        ],
        "key": "B",
        "title": "후면과 한발 균형",
      },
      {
        "exercises": [
          {
            "beginnerSets": 3,
            "exerciseName": "레그프레스",
            "experiencedSets": 3,
            "loadStepKg": 5,
            "repsMax": 12,
            "repsMin": 8,
            "restSeconds": 150,
            "targetRir": 2,
          },
          {
            "beginnerSets": 3,
            "exerciseName": "덤벨 벤치프레스",
            "experiencedSets": 3,
            "loadStepKg": 2.5,
            "repsMax": 12,
            "repsMin": 8,
            "restSeconds": 120,
            "targetRir": 2,
          },
          {
            "beginnerSets": 3,
            "exerciseName": "덤벨 로우",
            "experiencedSets": 3,
            "loadStepKg": 2.5,
            "repsMax": 12,
            "repsMin": 8,
            "restSeconds": 120,
            "targetRir": 2,
          },
          {
            "beginnerSets": 2,
            "exerciseName": "레그 익스텐션",
            "experiencedSets": 2,
            "loadStepKg": 2.5,
            "repsMax": 15,
            "repsMin": 10,
            "restSeconds": 90,
            "targetRir": 2,
          },
          {
            "beginnerSets": 2,
            "exerciseName": "레그 컬",
            "experiencedSets": 2,
            "loadStepKg": 2.5,
            "repsMax": 15,
            "repsMin": 10,
            "restSeconds": 90,
            "targetRir": 2,
          },
        ],
        "key": "C",
        "title": "하체 볼륨",
      },
    ],
  },
  {
    "key": "lean-body-6w",
    "sessions": [
      {
        "exercises": [
          {
            "beginnerSets": 3,
            "exerciseName": "레그프레스",
            "experiencedSets": 3,
            "loadStepKg": 5,
            "repsMax": 12,
            "repsMin": 8,
            "restSeconds": 120,
            "targetRir": 2,
          },
          {
            "beginnerSets": 3,
            "exerciseName": "체스트프레스 머신",
            "experiencedSets": 3,
            "loadStepKg": 5,
            "repsMax": 12,
            "repsMin": 8,
            "restSeconds": 90,
            "targetRir": 2,
          },
          {
            "beginnerSets": 3,
            "exerciseName": "랫풀다운",
            "experiencedSets": 3,
            "loadStepKg": 5,
            "repsMax": 12,
            "repsMin": 8,
            "restSeconds": 90,
            "targetRir": 2,
          },
          {
            "beginnerSets": 2,
            "exerciseName": "크런치",
            "experiencedSets": 3,
            "loadStepKg": 1,
            "repsMax": 20,
            "repsMin": 12,
            "restSeconds": 60,
            "targetRir": 2,
          },
          {
            "beginnerSets": 2,
            "exerciseName": "시티드 로우",
            "experiencedSets": 2,
            "loadStepKg": 5,
            "repsMax": 12,
            "repsMin": 8,
            "restSeconds": 90,
            "targetRir": 2,
          },
        ],
        "key": "A",
        "title": "전신 기본",
      },
      {
        "exercises": [
          {
            "beginnerSets": 3,
            "exerciseName": "루마니안 데드리프트",
            "experiencedSets": 3,
            "loadStepKg": 5,
            "repsMax": 12,
            "repsMin": 8,
            "restSeconds": 120,
            "targetRir": 2,
          },
          {
            "beginnerSets": 3,
            "exerciseName": "숄더프레스",
            "experiencedSets": 3,
            "loadStepKg": 5,
            "repsMax": 12,
            "repsMin": 8,
            "restSeconds": 90,
            "targetRir": 2,
          },
          {
            "beginnerSets": 3,
            "exerciseName": "시티드 로우",
            "experiencedSets": 3,
            "loadStepKg": 5,
            "repsMax": 12,
            "repsMin": 8,
            "restSeconds": 90,
            "targetRir": 2,
          },
          {
            "beginnerSets": 2,
            "exerciseName": "런지",
            "experiencedSets": 3,
            "loadStepKg": 1,
            "repsMax": 15,
            "repsMin": 10,
            "restSeconds": 90,
            "targetRir": 2,
          },
          {
            "beginnerSets": 2,
            "exerciseName": "푸시업",
            "experiencedSets": 2,
            "loadStepKg": 1,
            "repsMax": 15,
            "repsMin": 8,
            "restSeconds": 75,
            "targetRir": 2,
          },
        ],
        "key": "B",
        "title": "큰 근육 순환",
      },
      {
        "exercises": [
          {
            "beginnerSets": 3,
            "exerciseName": "맨몸 스쿼트",
            "experiencedSets": 3,
            "loadStepKg": 1,
            "repsMax": 20,
            "repsMin": 12,
            "restSeconds": 75,
            "targetRir": 2,
          },
          {
            "beginnerSets": 3,
            "exerciseName": "덤벨 벤치프레스",
            "experiencedSets": 3,
            "loadStepKg": 2.5,
            "repsMax": 12,
            "repsMin": 8,
            "restSeconds": 90,
            "targetRir": 2,
          },
          {
            "beginnerSets": 3,
            "exerciseName": "덤벨 로우",
            "experiencedSets": 3,
            "loadStepKg": 2.5,
            "repsMax": 12,
            "repsMin": 8,
            "restSeconds": 90,
            "targetRir": 2,
          },
          {
            "beginnerSets": 2,
            "exerciseName": "덤벨 컬",
            "experiencedSets": 2,
            "loadStepKg": 2.5,
            "repsMax": 15,
            "repsMin": 10,
            "restSeconds": 60,
            "targetRir": 2,
          },
          {
            "beginnerSets": 2,
            "exerciseName": "케이블 푸시다운",
            "experiencedSets": 2,
            "loadStepKg": 2.5,
            "repsMax": 15,
            "repsMin": 10,
            "restSeconds": 60,
            "targetRir": 2,
          },
        ],
        "key": "C",
        "title": "밀도 높은 전신",
      },
    ],
  },
]
`;

exports[`GND 공식 프로그램 카탈로그 > 다섯 프로그램의 회차별 종목 이름이 승인 표와 같다 1`] = `
[
  [
    [
      "바벨 백스쿼트",
      "벤치프레스",
      "시티드 로우",
      "숄더프레스",
      "사이드 레터럴 레이즈",
    ],
    [
      "루마니안 데드리프트",
      "랫풀다운",
      "인클라인 벤치프레스",
      "페이스풀",
      "덤벨 컬",
    ],
    [
      "레그프레스",
      "덤벨 벤치프레스",
      "바벨 로우",
      "덤벨 레터럴 레이즈",
      "페이스풀",
      "케이블 푸시다운",
    ],
  ],
  [
    [
      "바벨 백스쿼트",
      "벤치프레스",
      "시티드 로우",
      "인클라인 벤치프레스",
      "사이드 레터럴 레이즈",
    ],
    [
      "루마니안 데드리프트",
      "랫풀다운",
      "덤벨 벤치프레스",
      "덤벨 플라이",
      "케이블 푸시다운",
    ],
    [
      "레그프레스",
      "체스트프레스 머신",
      "바벨 로우",
      "푸시업",
      "페이스풀",
    ],
  ],
  [
    [
      "레그프레스",
      "벤치프레스",
      "시티드 로우",
      "덤벨 컬",
      "케이블 푸시다운",
    ],
    [
      "루마니안 데드리프트",
      "숄더프레스",
      "랫풀다운",
      "덤벨 해머 컬",
      "벤치 딥스",
    ],
    [
      "맨몸 스쿼트",
      "덤벨 벤치프레스",
      "덤벨 로우",
      "덤벨 컬",
      "케이블 푸시다운",
      "사이드 레터럴 레이즈",
    ],
  ],
  [
    [
      "바벨 백스쿼트",
      "벤치프레스",
      "시티드 로우",
      "레그 익스텐션",
      "레그 컬",
    ],
    [
      "루마니안 데드리프트",
      "숄더프레스",
      "랫풀다운",
      "런지",
      "힙 브릿지",
    ],
    [
      "레그프레스",
      "덤벨 벤치프레스",
      "덤벨 로우",
      "레그 익스텐션",
      "레그 컬",
    ],
  ],
  [
    [
      "레그프레스",
      "체스트프레스 머신",
      "랫풀다운",
      "크런치",
      "시티드 로우",
    ],
    [
      "루마니안 데드리프트",
      "숄더프레스",
      "시티드 로우",
      "런지",
      "푸시업",
    ],
    [
      "맨몸 스쿼트",
      "덤벨 벤치프레스",
      "덤벨 로우",
      "덤벨 컬",
      "케이블 푸시다운",
    ],
  ],
]
`;
